// Jest Snapshot v1, https://goo.gl/fbAQLP

exports[`BkModal component Should be render correctly 1`] = `
<div
  class="modal-mask"
  name="modal"
>
  <div
    class="modal-wrapper"
  >
    <div
      class="modal-container"
    >
      <div
        class="modal-body"
      />
       
      <div
        class="modal-footer"
      />
    </div>
  </div>
</div>
`;
